[0m14:24:06.280169 [debug] [MainThread]: Sending event: {'category': 'dbt', 'action': 'invocation', 'label': 'start', 'context': [<snowplow_tracker.self_describing_json.SelfDescribingJson object at 0x000002263AB72660>, <snowplow_tracker.self_describing_json.SelfDescribingJson object at 0x00000226386F91D0>, <snowplow_tracker.self_describing_json.SelfDescribingJson object at 0x000002263D5179D0>]}


============================== 14:24:06.284665 | 90fb5e49-80f8-49fe-a76d-76f6d7db3034 ==============================
[0m14:24:06.284665 [info ] [MainThread]: Running with dbt=1.12.4
[0m14:24:06.285440 [debug] [MainThread]: running dbt with arguments {'version_check': 'True', 'no_print': 'None', 'maximum_seed_size_mib': '1', 'warn_error_options': 'WarnErrorOptionsV2(error=[], warn=[], silence=[])', 'static_parser': 'True', 'target_path': 'None', 'printer_width': '80', 'write_json': 'True', 'empty': 'None', 'log_cache_events': 'False', 'introspect': 'True', 'cache_selected_only': 'False', 'log_format': 'default', 'debug': 'False', 'fail_fast': 'False', 'profiles_dir': 'C:\\Users\\Victor Kuh\\.dbt', 'send_anonymous_usage_stats': 'True', 'quiet': 'False', 'warn_error': 'None', 'partial_parse': 'True', 'indirect_selection': 'eager', 'hints_enabled': 'True', 'invocation_command': 'dbt init analytics', 'use_experimental_parser': 'False', 'use_colors': 'True', 'log_path': 'logs'}
[0m14:24:06.301048 [info ] [MainThread]: Creating dbt configuration folder at C:\Users\Victor Kuh\.dbt
[0m14:24:06.303822 [debug] [MainThread]: Starter project path: E:\05_Learning\first potfolio project\ae_env\Lib\site-packages\dbt\include\starter_project
[0m14:24:06.323674 [info ] [MainThread]: Setting up your profile.
[0m14:24:52.693172 [info ] [MainThread]: Profile analytics written to C:\Users\Victor Kuh\.dbt\profiles.yml using target's sample configuration. Once updated, you'll be able to start developing with dbt.
[0m14:24:52.695406 [info ] [MainThread]: Running dbt debug to validate the project...
[0m14:24:52.696257 [info ] [MainThread]: dbt version: 1.12.4
[0m14:24:52.696833 [info ] [MainThread]: python version: 3.14.7
[0m14:24:52.697392 [info ] [MainThread]: python path: E:\05_Learning\first potfolio project\ae_env\Scripts\python.exe
[0m14:24:52.697946 [info ] [MainThread]: os info: Windows-10-10.0.19045-SP0
[0m14:24:52.769060 [info ] [MainThread]: Using profiles dir at C:\Users\Victor Kuh\.dbt
[0m14:24:52.769796 [info ] [MainThread]: Using profiles.yml file at C:\Users\Victor Kuh\.dbt\profiles.yml
[0m14:24:52.770360 [info ] [MainThread]: Using dbt_project.yml file at E:\05_Learning\first potfolio project\analytics\dbt_project.yml
[0m14:24:52.773099 [info ] [MainThread]: adapter type: duckdb
[0m14:24:52.773731 [info ] [MainThread]: adapter version: 1.11.0
[0m14:24:52.907569 [info ] [MainThread]: Configuration:
[0m14:24:52.908257 [info ] [MainThread]:   profiles.yml file [[32mOK found and valid[0m]
[0m14:24:52.908832 [info ] [MainThread]:   dbt_project.yml file [[32mOK found and valid[0m]
[0m14:24:52.909387 [info ] [MainThread]: Required dependencies:
[0m14:24:52.909957 [debug] [MainThread]: Executing "git --help"
[0m14:24:52.914459 [info ] [MainThread]:  - git [[31mERROR[0m]

[0m14:24:52.915095 [info ] [MainThread]: Connection:
[0m14:24:52.916087 [info ] [MainThread]:   database: dev
[0m14:24:52.916694 [info ] [MainThread]:   schema: main
[0m14:24:52.917468 [info ] [MainThread]:   path: dev.duckdb
[0m14:24:52.918267 [info ] [MainThread]:   config_options: None
[0m14:24:52.918762 [info ] [MainThread]:   extensions: None
[0m14:24:52.919458 [info ] [MainThread]:   settings: {}
[0m14:24:52.920307 [info ] [MainThread]:   external_root: .
[0m14:24:52.920967 [info ] [MainThread]:   use_credential_provider: None
[0m14:24:52.921768 [info ] [MainThread]:   attach: None
[0m14:24:52.923878 [info ] [MainThread]:   filesystems: None
[0m14:24:52.924639 [info ] [MainThread]:   remote: None
[0m14:24:52.925368 [info ] [MainThread]:   plugins: None
[0m14:24:52.926182 [info ] [MainThread]:   disable_transactions: False
[0m14:24:52.927631 [info ] [MainThread]: Registered adapter: duckdb=1.11.0
[0m14:24:53.204324 [debug] [MainThread]: Acquiring new duckdb connection 'debug'
[0m14:24:53.268274 [debug] [MainThread]: Using duckdb connection "debug"
[0m14:24:53.268671 [debug] [MainThread]: On debug: select 1 as id
[0m14:24:53.268978 [debug] [MainThread]: Opening a new connection, currently in state init
[0m14:24:53.326954 [debug] [MainThread]: SQL status: OK in 0.058 seconds
[0m14:24:53.327940 [debug] [MainThread]: On debug: Close
[0m14:24:53.328322 [info ] [MainThread]:   Connection test: [[32mOK connection ok[0m]

[0m14:24:53.328917 [info ] [MainThread]: [31m1 check failed:[0m
[0m14:24:53.329497 [info ] [MainThread]: Error from git --help: Could not find command, ensure it is in the user's PATH and that the user has permissions to run it: "git"

[0m14:24:53.330098 [info ] [MainThread]: Your new dbt project "analytics" was created!
Initialized new project in E:\05_Learning\first potfolio project\analytics\analytics

For more information on how to configure the profiles.yml file,
please consult the dbt documentation here:

  https://docs.getdbt.com/docs/configure-your-profile

One more thing:

Need help? Don't hesitate to reach out to us via GitHub issues or on Slack:

  https://community.getdbt.com/

Happy modeling!

[0m14:24:53.330681 [info ] [MainThread]: [31mYour profile may need adjustments. You can find the logs of `dbt debug` above[0m
[0m14:24:53.332124 [debug] [MainThread]: Command `dbt init` succeeded at 14:24:53.331979 after 47.26 seconds
[0m14:24:53.332511 [debug] [MainThread]: Connection 'debug' was properly closed.
[0m14:24:53.332873 [debug] [MainThread]: Sending event: {'category': 'dbt', 'action': 'invocation', 'label': 'end', 'context': [<snowplow_tracker.self_describing_json.SelfDescribingJson object at 0x000002263D37F820>, <snowplow_tracker.self_describing_json.SelfDescribingJson object at 0x000002263B7AF770>, <snowplow_tracker.self_describing_json.SelfDescribingJson object at 0x000002263D7C7350>]}
[0m14:24:53.333287 [debug] [MainThread]: Flushing usage events
[0m14:24:55.134591 [debug] [MainThread]: An error was encountered while trying to flush usage events
